{"version":8,"type":"context-options","origin":"library","browserName":"","playwrightVersion":"1.62.1","options":{},"platform":"win32","wallTime":1786989675897,"monotonicTime":1688.344,"sdkLanguage":"javascript","contextId":"request-context@8d21d9003f408fc80edfbfadf047e344","title":"playwright\\income-e2e.spec.ts:50 › E2E — Income CRUD (UI) › Create → View → Edit → Delete Income via UI"}
{"type":"before","callId":"call@5","startTime":1693.145,"class":"APIRequestContext","method":"fetch","params":{"url":"http://localhost:3101/api/v1/auth/login","method":"POST","jsonData":"{\"email\":\"e2e.api.user@test.local\",\"password\":\"TestPass123!\"}"},"stepId":"pw:api@34"}
{"type":"log","callId":"call@5","time":1704.393,"message":"→ POST http://localhost:3101/api/v1/auth/login"}
{"type":"log","callId":"call@5","time":1704.453,"message":"  user-agent: Playwright/1.62.1 (x64; windows 10.0) node/24.19"}
{"type":"log","callId":"call@5","time":1704.469,"message":"  accept: */*"}
{"type":"log","callId":"call@5","time":1704.489,"message":"  accept-encoding: gzip,deflate,br"}
{"type":"log","callId":"call@5","time":1704.499,"message":"  content-type: application/json"}
{"type":"log","callId":"call@5","time":1704.516,"message":"  content-length: 61"}
{"type":"log","callId":"call@5","time":5491.164,"message":"← 201 Created"}
{"type":"log","callId":"call@5","time":5491.224,"message":"  content-security-policy: default-src 'self';base-uri 'self';font-src 'self' https: data:;form-action 'self';frame-ancestors 'self';img-src 'self' data:;object-src 'none';script-src 'self';script-src-attr 'none';style-src 'self' https: 'unsafe-inline';upgrade-insecure-requests"}
{"type":"log","callId":"call@5","time":5491.259,"message":"  cross-origin-opener-policy: same-origin"}
{"type":"log","callId":"call@5","time":5491.294,"message":"  cross-origin-resource-policy: same-origin"}
{"type":"log","callId":"call@5","time":5491.315,"message":"  origin-agent-cluster: ?1"}
{"type":"log","callId":"call@5","time":5491.327,"message":"  referrer-policy: no-referrer"}
{"type":"log","callId":"call@5","time":5491.336,"message":"  strict-transport-security: max-age=31536000; includeSubDomains"}
{"type":"log","callId":"call@5","time":5491.346,"message":"  x-content-type-options: nosniff"}
{"type":"log","callId":"call@5","time":5491.361,"message":"  x-dns-prefetch-control: off"}
{"type":"log","callId":"call@5","time":5491.378,"message":"  x-download-options: noopen"}
{"type":"log","callId":"call@5","time":5491.388,"message":"  x-frame-options: SAMEORIGIN"}
{"type":"log","callId":"call@5","time":5491.396,"message":"  x-permitted-cross-domain-policies: none"}
{"type":"log","callId":"call@5","time":5491.401,"message":"  x-xss-protection: 0"}
{"type":"log","callId":"call@5","time":5491.405,"message":"  vary: Origin, Accept-Encoding"}
{"type":"log","callId":"call@5","time":5491.414,"message":"  access-control-allow-credentials: true"}
{"type":"log","callId":"call@5","time":5491.423,"message":"  content-type: application/json; charset=utf-8"}
{"type":"log","callId":"call@5","time":5491.431,"message":"  etag: W/\"476-Dt/O4z6dMCxDFKRuXOTZLhrU6Hw\""}
{"type":"log","callId":"call@5","time":5491.444,"message":"  content-encoding: br"}
{"type":"log","callId":"call@5","time":5491.46,"message":"  date: Mon, 17 Aug 2026 18:01:19 GMT"}
{"type":"log","callId":"call@5","time":5491.47,"message":"  connection: keep-alive"}
{"type":"log","callId":"call@5","time":5491.479,"message":"  keep-alive: timeout=5"}
{"type":"log","callId":"call@5","time":5491.486,"message":"  transfer-encoding: chunked"}
{"type":"after","callId":"call@5","endTime":5502.645,"result":{"response":{"url":"http://localhost:3101/api/v1/auth/login","status":201,"statusText":"Created","headers":[{"name":"Content-Security-Policy","value":"default-src 'self';base-uri 'self';font-src 'self' https: data:;form-action 'self';frame-ancestors 'self';img-src 'self' data:;object-src 'none';script-src 'self';script-src-attr 'none';style-src 'self' https: 'unsafe-inline';upgrade-insecure-requests"},{"name":"Cross-Origin-Opener-Policy","value":"same-origin"},{"name":"Cross-Origin-Resource-Policy","value":"same-origin"},{"name":"Origin-Agent-Cluster","value":"?1"},{"name":"Referrer-Policy","value":"no-referrer"},{"name":"Strict-Transport-Security","value":"max-age=31536000; includeSubDomains"},{"name":"X-Content-Type-Options","value":"nosniff"},{"name":"X-DNS-Prefetch-Control","value":"off"},{"name":"X-Download-Options","value":"noopen"},{"name":"X-Frame-Options","value":"SAMEORIGIN"},{"name":"X-Permitted-Cross-Domain-Policies","value":"none"},{"name":"X-XSS-Protection","value":"0"},{"name":"Vary","value":"Origin, Accept-Encoding"},{"name":"Access-Control-Allow-Credentials","value":"true"},{"name":"Content-Type","value":"application/json; charset=utf-8"},{"name":"ETag","value":"W/\"476-Dt/O4z6dMCxDFKRuXOTZLhrU6Hw\""},{"name":"Content-Encoding","value":"br"},{"name":"Date","value":"Mon, 17 Aug 2026 18:01:19 GMT"},{"name":"Connection","value":"keep-alive"},{"name":"Keep-Alive","value":"timeout=5"},{"name":"Transfer-Encoding","value":"chunked"}],"serverAddr":{"ipAddress":"::1","port":3101},"timing":{"startTime":1786989675904,"domainLookupStart":0,"domainLookupEnd":11.104000000000042,"connectStart":11.104000000000042,"secureConnectionStart":-1,"connectEnd":12.869000000000142,"requestStart":12.869000000000142,"responseStart":3790.977},"responseEndTiming":3805.4890000000005,"fetchUid":"ec4f5bdea0ee41892a936114e483eaba"}}}
{"type":"before","callId":"call@8","startTime":5513.388,"class":"APIRequestContext","method":"fetch","params":{"url":"http://localhost:3101/api/v1/categories","method":"POST","headers":[{"name":"Authorization","value":"Bearer eyJhbGciOiJIUzI1NiIsInR5cCI6IkpXVCJ9.eyJzdWIiOiI5NWM0ZTgzNy03ZGU0LTQ4ZTMtYWVmYy1lODhmMzI5YTFjNWMiLCJlbWFpbCI6ImUyZS5hcGkudXNlckB0ZXN0LmxvY2FsIiwicm9sZSI6IlVTRVIiLCJzZXNzaW9uSWQiOiJmMDYyMmU4Zi0xMWM2LTQ2NmItYTIxOS02MTRjOTJmNzNkYzEiLCJqdGkiOiI3ZjdjY2U4My00ZTg3LTRkOWEtODAwOC0yNjUzYmUyMzVlNWYiLCJpYXQiOjE3ODY5ODk2NzksImV4cCI6MTc4Njk5MDU3OX0.vkK111LhsQsNvHIwIioT8Mu_DlFxTqhqSW6KJGdsFLM"}],"jsonData":"{\"name\":\"E2E Income Cat 1786989679719\",\"type\":\"INCOME\"}"},"stepId":"pw:api@36"}
{"type":"log","callId":"call@8","time":5514.698,"message":"→ POST http://localhost:3101/api/v1/categories"}
{"type":"log","callId":"call@8","time":5514.725,"message":"  user-agent: Playwright/1.62.1 (x64; windows 10.0) node/24.19"}
{"type":"log","callId":"call@8","time":5514.74,"message":"  accept: */*"}
{"type":"log","callId":"call@8","time":5514.747,"message":"  accept-encoding: gzip,deflate,br"}
{"type":"log","callId":"call@8","time":5514.753,"message":"  Authorization: Bearer eyJhbGciOiJIUzI1NiIsInR5cCI6IkpXVCJ9.eyJzdWIiOiI5NWM0ZTgzNy03ZGU0LTQ4ZTMtYWVmYy1lODhmMzI5YTFjNWMiLCJlbWFpbCI6ImUyZS5hcGkudXNlckB0ZXN0LmxvY2FsIiwicm9sZSI6IlVTRVIiLCJzZXNzaW9uSWQiOiJmMDYyMmU4Zi0xMWM2LTQ2NmItYTIxOS02MTRjOTJmNzNkYzEiLCJqdGkiOiI3ZjdjY2U4My00ZTg3LTRkOWEtODAwOC0yNjUzYmUyMzVlNWYiLCJpYXQiOjE3ODY5ODk2NzksImV4cCI6MTc4Njk5MDU3OX0.vkK111LhsQsNvHIwIioT8Mu_DlFxTqhqSW6KJGdsFLM"}
{"type":"log","callId":"call@8","time":5514.759,"message":"  content-type: application/json"}
{"type":"log","callId":"call@8","time":5514.765,"message":"  content-length: 55"}
{"type":"log","callId":"call@8","time":5530.595,"message":"← 201 Created"}
{"type":"log","callId":"call@8","time":5530.62,"message":"  content-security-policy: default-src 'self';base-uri 'self';font-src 'self' https: data:;form-action 'self';frame-ancestors 'self';img-src 'self' data:;object-src 'none';script-src 'self';script-src-attr 'none';style-src 'self' https: 'unsafe-inline';upgrade-insecure-requests"}
{"type":"log","callId":"call@8","time":5530.647,"message":"  cross-origin-opener-policy: same-origin"}
{"type":"log","callId":"call@8","time":5530.723,"message":"  cross-origin-resource-policy: same-origin"}
{"type":"log","callId":"call@8","time":5530.734,"message":"  origin-agent-cluster: ?1"}
{"type":"log","callId":"call@8","time":5530.743,"message":"  referrer-policy: no-referrer"}
{"type":"log","callId":"call@8","time":5530.752,"message":"  strict-transport-security: max-age=31536000; includeSubDomains"}
{"type":"log","callId":"call@8","time":5530.761,"message":"  x-content-type-options: nosniff"}
{"type":"log","callId":"call@8","time":5530.769,"message":"  x-dns-prefetch-control: off"}
{"type":"log","callId":"call@8","time":5530.778,"message":"  x-download-options: noopen"}
{"type":"log","callId":"call@8","time":5530.786,"message":"  x-frame-options: SAMEORIGIN"}
{"type":"log","callId":"call@8","time":5530.795,"message":"  x-permitted-cross-domain-policies: none"}
{"type":"log","callId":"call@8","time":5530.803,"message":"  x-xss-protection: 0"}
{"type":"log","callId":"call@8","time":5530.811,"message":"  vary: Origin, Accept-Encoding"}
{"type":"log","callId":"call@8","time":5530.82,"message":"  access-control-allow-credentials: true"}
{"type":"log","callId":"call@8","time":5530.829,"message":"  content-type: application/json; charset=utf-8"}
{"type":"log","callId":"call@8","time":5530.837,"message":"  content-length: 282"}
{"type":"log","callId":"call@8","time":5530.847,"message":"  etag: W/\"11a-mGkB+SqTbmR9oZjzE/eObCUjQpw\""}
{"type":"log","callId":"call@8","time":5530.857,"message":"  date: Mon, 17 Aug 2026 18:01:19 GMT"}
{"type":"log","callId":"call@8","time":5530.866,"message":"  connection: keep-alive"}
{"type":"log","callId":"call@8","time":5530.877,"message":"  keep-alive: timeout=5"}
{"type":"after","callId":"call@8","endTime":5531.349,"result":{"response":{"url":"http://localhost:3101/api/v1/categories","status":201,"statusText":"Created","headers":[{"name":"Content-Security-Policy","value":"default-src 'self';base-uri 'self';font-src 'self' https: data:;form-action 'self';frame-ancestors 'self';img-src 'self' data:;object-src 'none';script-src 'self';script-src-attr 'none';style-src 'self' https: 'unsafe-inline';upgrade-insecure-requests"},{"name":"Cross-Origin-Opener-Policy","value":"same-origin"},{"name":"Cross-Origin-Resource-Policy","value":"same-origin"},{"name":"Origin-Agent-Cluster","value":"?1"},{"name":"Referrer-Policy","value":"no-referrer"},{"name":"Strict-Transport-Security","value":"max-age=31536000; includeSubDomains"},{"name":"X-Content-Type-Options","value":"nosniff"},{"name":"X-DNS-Prefetch-Control","value":"off"},{"name":"X-Download-Options","value":"noopen"},{"name":"X-Frame-Options","value":"SAMEORIGIN"},{"name":"X-Permitted-Cross-Domain-Policies","value":"none"},{"name":"X-XSS-Protection","value":"0"},{"name":"Vary","value":"Origin, Accept-Encoding"},{"name":"Access-Control-Allow-Credentials","value":"true"},{"name":"Content-Type","value":"application/json; charset=utf-8"},{"name":"Content-Length","value":"282"},{"name":"ETag","value":"W/\"11a-mGkB+SqTbmR9oZjzE/eObCUjQpw\""},{"name":"Date","value":"Mon, 17 Aug 2026 18:01:19 GMT"},{"name":"Connection","value":"keep-alive"},{"name":"Keep-Alive","value":"timeout=5"}],"serverAddr":{"ipAddress":"::1","port":3101},"timing":{"startTime":1786989679722,"domainLookupStart":-1,"domainLookupEnd":-1,"connectStart":-1,"secureConnectionStart":-1,"connectEnd":-1,"requestStart":0.9340000000001965,"responseStart":14.92699999999968},"responseEndTiming":15.694999999999709,"fetchUid":"3ef941494f30654e7189bdee9989ebbb"}}}
{"type":"before","callId":"call@10","startTime":5535.384,"class":"APIRequestContext","method":"fetch","params":{"url":"http://localhost:3101/api/v1/accounts","method":"POST","headers":[{"name":"Authorization","value":"Bearer eyJhbGciOiJIUzI1NiIsInR5cCI6IkpXVCJ9.eyJzdWIiOiI5NWM0ZTgzNy03ZGU0LTQ4ZTMtYWVmYy1lODhmMzI5YTFjNWMiLCJlbWFpbCI6ImUyZS5hcGkudXNlckB0ZXN0LmxvY2FsIiwicm9sZSI6IlVTRVIiLCJzZXNzaW9uSWQiOiJmMDYyMmU4Zi0xMWM2LTQ2NmItYTIxOS02MTRjOTJmNzNkYzEiLCJqdGkiOiI3ZjdjY2U4My00ZTg3LTRkOWEtODAwOC0yNjUzYmUyMzVlNWYiLCJpYXQiOjE3ODY5ODk2NzksImV4cCI6MTc4Njk5MDU3OX0.vkK111LhsQsNvHIwIioT8Mu_DlFxTqhqSW6KJGdsFLM"}],"jsonData":"{\"name\":\"E2E USD Acc 1786989679719\",\"account_type\":\"CASH\",\"currency\":\"USD\",\"opening_balance_cents\":0}"},"stepId":"pw:api@38"}
{"type":"log","callId":"call@10","time":5536.318,"message":"→ POST http://localhost:3101/api/v1/accounts"}
{"type":"log","callId":"call@10","time":5536.343,"message":"  user-agent: Playwright/1.62.1 (x64; windows 10.0) node/24.19"}
{"type":"log","callId":"call@10","time":5536.351,"message":"  accept: */*"}
{"type":"log","callId":"call@10","time":5536.357,"message":"  accept-encoding: gzip,deflate,br"}
{"type":"log","callId":"call@10","time":5536.364,"message":"  Authorization: Bearer eyJhbGciOiJIUzI1NiIsInR5cCI6IkpXVCJ9.eyJzdWIiOiI5NWM0ZTgzNy03ZGU0LTQ4ZTMtYWVmYy1lODhmMzI5YTFjNWMiLCJlbWFpbCI6ImUyZS5hcGkudXNlckB0ZXN0LmxvY2FsIiwicm9sZSI6IlVTRVIiLCJzZXNzaW9uSWQiOiJmMDYyMmU4Zi0xMWM2LTQ2NmItYTIxOS02MTRjOTJmNzNkYzEiLCJqdGkiOiI3ZjdjY2U4My00ZTg3LTRkOWEtODAwOC0yNjUzYmUyMzVlNWYiLCJpYXQiOjE3ODY5ODk2NzksImV4cCI6MTc4Njk5MDU3OX0.vkK111LhsQsNvHIwIioT8Mu_DlFxTqhqSW6KJGdsFLM"}
{"type":"log","callId":"call@10","time":5536.371,"message":"  content-type: application/json"}
{"type":"log","callId":"call@10","time":5536.377,"message":"  content-length: 101"}
{"type":"log","callId":"call@10","time":5549.868,"message":"← 201 Created"}
{"type":"log","callId":"call@10","time":5549.891,"message":"  content-security-policy: default-src 'self';base-uri 'self';font-src 'self' https: data:;form-action 'self';frame-ancestors 'self';img-src 'self' data:;object-src 'none';script-src 'self';script-src-attr 'none';style-src 'self' https: 'unsafe-inline';upgrade-insecure-requests"}
{"type":"log","callId":"call@10","time":5549.901,"message":"  cross-origin-opener-policy: same-origin"}
{"type":"log","callId":"call@10","time":5549.909,"message":"  cross-origin-resource-policy: same-origin"}
{"type":"log","callId":"call@10","time":5549.917,"message":"  origin-agent-cluster: ?1"}
{"type":"log","callId":"call@10","time":5549.923,"message":"  referrer-policy: no-referrer"}
{"type":"log","callId":"call@10","time":5549.931,"message":"  strict-transport-security: max-age=31536000; includeSubDomains"}
{"type":"log","callId":"call@10","time":5549.938,"message":"  x-content-type-options: nosniff"}
{"type":"log","callId":"call@10","time":5549.946,"message":"  x-dns-prefetch-control: off"}
{"type":"log","callId":"call@10","time":5549.952,"message":"  x-download-options: noopen"}
{"type":"log","callId":"call@10","time":5549.96,"message":"  x-frame-options: SAMEORIGIN"}
{"type":"log","callId":"call@10","time":5549.967,"message":"  x-permitted-cross-domain-policies: none"}
{"type":"log","callId":"call@10","time":5549.973,"message":"  x-xss-protection: 0"}
{"type":"log","callId":"call@10","time":5549.979,"message":"  vary: Origin, Accept-Encoding"}
{"type":"log","callId":"call@10","time":5549.986,"message":"  access-control-allow-credentials: true"}
{"type":"log","callId":"call@10","time":5549.992,"message":"  content-type: application/json; charset=utf-8"}
{"type":"log","callId":"call@10","time":5549.999,"message":"  content-length: 359"}
{"type":"log","callId":"call@10","time":5550.005,"message":"  etag: W/\"167-s7JUEKuZr5inaeZ6VQ7QrB6ZfxA\""}
{"type":"log","callId":"call@10","time":5550.012,"message":"  date: Mon, 17 Aug 2026 18:01:19 GMT"}
{"type":"log","callId":"call@10","time":5550.019,"message":"  connection: keep-alive"}
{"type":"log","callId":"call@10","time":5550.026,"message":"  keep-alive: timeout=5"}
{"type":"after","callId":"call@10","endTime":5550.196,"result":{"response":{"url":"http://localhost:3101/api/v1/accounts","status":201,"statusText":"Created","headers":[{"name":"Content-Security-Policy","value":"default-src 'self';base-uri 'self';font-src 'self' https: data:;form-action 'self';frame-ancestors 'self';img-src 'self' data:;object-src 'none';script-src 'self';script-src-attr 'none';style-src 'self' https: 'unsafe-inline';upgrade-insecure-requests"},{"name":"Cross-Origin-Opener-Policy","value":"same-origin"},{"name":"Cross-Origin-Resource-Policy","value":"same-origin"},{"name":"Origin-Agent-Cluster","value":"?1"},{"name":"Referrer-Policy","value":"no-referrer"},{"name":"Strict-Transport-Security","value":"max-age=31536000; includeSubDomains"},{"name":"X-Content-Type-Options","value":"nosniff"},{"name":"X-DNS-Prefetch-Control","value":"off"},{"name":"X-Download-Options","value":"noopen"},{"name":"X-Frame-Options","value":"SAMEORIGIN"},{"name":"X-Permitted-Cross-Domain-Policies","value":"none"},{"name":"X-XSS-Protection","value":"0"},{"name":"Vary","value":"Origin, Accept-Encoding"},{"name":"Access-Control-Allow-Credentials","value":"true"},{"name":"Content-Type","value":"application/json; charset=utf-8"},{"name":"Content-Length","value":"359"},{"name":"ETag","value":"W/\"167-s7JUEKuZr5inaeZ6VQ7QrB6ZfxA\""},{"name":"Date","value":"Mon, 17 Aug 2026 18:01:19 GMT"},{"name":"Connection","value":"keep-alive"},{"name":"Keep-Alive","value":"timeout=5"}],"serverAddr":{"ipAddress":"::1","port":3101},"timing":{"startTime":1786989679744,"domainLookupStart":-1,"domainLookupEnd":-1,"connectStart":-1,"secureConnectionStart":-1,"connectEnd":-1,"requestStart":0.6430000000000291,"responseStart":12.904000000000451},"responseEndTiming":13.404000000000451,"fetchUid":"05ebc9f367c57e3544d2a17b7ef6a759"}}}
